[16:14:34.670] COM7→COM6 (17 bytes): AA A5 09 08 FF FF 00 00 1D 00 7A 00 00 48 FA 5A 55  | ..........z..H.ZU
[16:14:34.873] COM6→COM7 (18 bytes): AA A5 0A 08 00 00 01 01 1D 00 7A 80 35 00 3B FF 5A 55  | ..........z.5.;.ZU
[16:14:36.806] COM7→COM6 (17 bytes): AA A5 09 08 FF FF 00 00 1E 00 7A 00 01 0D F6 5A 55  | ..........z....ZU
[16:14:36.930] COM6→COM7 (18 bytes): AA A5 0A 08 00 00 01 01 1E 00 7A 80 00 00 5C 3B 5A 55  | ..........z...\;ZU
[16:14:38.176] COM6→COM7 (286 bytes): 20 3D 3D 3D 3D 3D 3D 3D 3D 3D 3D 3D 3D 20 4A 48 20 4C 45 44 20 3D 3D 3D 3D 3D 3D 3D 3D 3D 3D 3D 3D 20 0D 0A 20 50 72 6F 64 75 63 74 20 49 44 20 20 20 3D 20 34 61 35 34 35 65 31 39 66 38 37 37 33 30 39 63 0D 0A 20 48 61 72 64 77 61 72 65 20 76 65 72 20 3D 20 37 38 2E 38 34 2E 31 32 39 2E 30 0D 0A 20 53 6F 66 74 77 61 72 65 20 76 65 72 20 3D 20 33 2E 32 2E 30 2E 34 0D 0A 20 46 6C 61 73 68 20 20 20 20 20 20 20 20 3D 20 38 20 4D 42 0D 0A 20 49 44 5B 47 72 6F 75 70 5D 20 20 20 20 3D 20 31 5B 31 5D 0D 0A 20 53 63 61 6E 20 20 20 20 20 20 20 20 20 3D 20 31 2F 34 0D 0A 20 57 69 64 74 68 20 20 20 20 20 20 20 20 3D 20 33 32 0D 0A 20 48 65 69 67 68 74 20 20 20 20 20 20 20 3D 20 31 36 0D 0A 20 3D 3D 3D 3D 3D 3D 3D 3D 3D 3D 3D 3D 3D 3D 3D 3D 3D 3D 3D 3D 3D 3D 3D 3D 3D 3D 3D 3D 3D 3D 3D 3D 0D 0A 20 53 74 61 72 74 20 74 68 65 20 73 79 73 74 65 6D 2E 2E 2E 0D 0A  |  ============ JH LED ============ .. Product ID   = 4a545e19f877309c.. Hardware ver = 78.84.129.0.. Software ver = 3.2.0.4.. Flash        = 8 MB.. ID[Group]    = 1[1].. Scan         = 1/4.. Width        = 32.. Height       = 16.. ================================.. Start the system.....
[16:15:35.345] COM7→COM6 (16 bytes): AA A5 08 08 FF FF 00 00 1F 00 71 00 53 91 5A 55  | ..........q.S.ZU
[16:15:35.485] COM6→COM7 (22 bytes): AA A5 0E 08 00 00 01 01 1F 00 71 80 00 00 00 30 6A 00 56 AC 5A 55  | ..........q....0j.V.ZU
[16:15:35.517] COM7→COM6 (16 bytes): AA A5 08 08 FF FF 00 00 20 00 72 00 30 45 5A 55  | ........ .r.0EZU
[16:15:35.626] COM6→COM7 (22 bytes): AA A5 0E 08 00 00 01 01 20 00 72 80 00 00 00 00 80 00 FA 67 5A 55  | ........ .r........gZU
[16:18:51.779] COM7→COM6 (17 bytes): AA A5 09 08 FF FF 00 00 21 00 7A 00 00 A9 59 5A 55  | ........!.z...YZU
[16:18:52.247] COM6→COM7 (18 bytes): AA A5 0A 08 00 00 01 01 21 00 7A 80 00 00 05 C1 5A 55  | ........!.z.....ZU
[16:26:03.228] COM7 -> COM6 17 bytes
  0000  AA A5 09 08 FF FF 00 00 22 00 7A 00 01 EC 55 5A  | ........".z...UZ
  0010  55                                               | U

[16:26:03.366] COM6 -> COM7 18 bytes
  0000  AA A5 0A 08 00 00 01 01 22 00 7A 80 00 00 78 CD  | ........".z...x.
  0010  5A 55                                            | ZU

[16:26:04.612] COM6 -> COM7 286 bytes
  0000  20 3D 3D 3D 3D 3D 3D 3D 3D 3D 3D 3D 3D 20 4A 48  |  ============ JH
  0010  20 4C 45 44 20 3D 3D 3D 3D 3D 3D 3D 3D 3D 3D 3D  |  LED ===========
  0020  3D 20 0D 0A 20 50 72 6F 64 75 63 74 20 49 44 20  | = .. Product ID 
  0030  20 20 3D 20 34 61 35 34 35 65 31 39 66 38 37 37  |   = 4a545e19f877
  0040  33 30 39 63 0D 0A 20 48 61 72 64 77 61 72 65 20  | 309c.. Hardware 
  0050  76 65 72 20 3D 20 37 38 2E 38 34 2E 31 32 39 2E  | ver = 78.84.129.
  0060  30 0D 0A 20 53 6F 66 74 77 61 72 65 20 76 65 72  | 0.. Software ver
  0070  20 3D 20 33 2E 32 2E 30 2E 34 0D 0A 20 46 6C 61  |  = 3.2.0.4.. Fla
  0080  73 68 20 20 20 20 20 20 20 20 3D 20 38 20 4D 42  | sh        = 8 MB
  0090  0D 0A 20 49 44 5B 47 72 6F 75 70 5D 20 20 20 20  | .. ID[Group]    
  00A0  3D 20 31 5B 31 5D 0D 0A 20 53 63 61 6E 20 20 20  | = 1[1].. Scan   
  00B0  20 20 20 20 20 20 3D 20 31 2F 34 0D 0A 20 57 69  |       = 1/4.. Wi
  00C0  64 74 68 20 20 20 20 20 20 20 20 3D 20 33 32 0D  | dth        = 32.
  00D0  0A 20 48 65 69 67 68 74 20 20 20 20 20 20 20 3D  | . Height       =
  00E0  20 31 36 0D 0A 20 3D 3D 3D 3D 3D 3D 3D 3D 3D 3D  |  16.. ==========
  00F0  3D 3D 3D 3D 3D 3D 3D 3D 3D 3D 3D 3D 3D 3D 3D 3D  | ================
  0100  3D 3D 3D 3D 3D 3D 0D 0A 20 53 74 61 72 74 20 74  | ======.. Start t
  0110  68 65 20 73 79 73 74 65 6D 2E 2E 2E 0D 0A        | he system.....

[16:26:37.296] COM7 -> COM6 16 bytes
  0000  AA A5 08 08 FF FF 00 00 23 00 35 00 93 6B 5A 55  | ........#.5..kZU

[16:26:37.438] COM6 -> COM7 20 bytes
  0000  AA A5 0C 08 00 00 01 01 23 00 35 80 00 00 0A 00  | ........#.5.....
  0010  50 61 5A 55                                      | PaZU

[16:26:44.552] COM7 -> COM6 16 bytes
  0000  AA A5 08 08 FF FF 00 00 24 00 00 03 33 C6 5A 55  | ........$...3.ZU

[16:26:44.677] COM6 -> COM7 20 bytes
  0000  AA A5 0C 08 00 00 01 01 24 00 00 83 00 00 01 00  | ........$.......
  0010  6D D7 5A 55                                      | m.ZU

[16:26:44.770] COM7 -> COM6 18 bytes
  0000  AA A5 0A 08 FF FF 00 00 25 00 01 03 00 00 9C 2A  | ........%......*
  0010  5A 55                                            | ZU

[16:26:44.988] COM6 -> COM7 20 bytes
  0000  AA A5 0C 08 00 00 01 01 25 00 01 83 00 00 01 00  | ........%.......
  0010  F9 52 5A 55                                      | .RZU

[16:26:45.159] COM7 -> COM6 18 bytes
  0000  AA A5 0A 08 FF FF 00 00 26 00 02 03 01 00 F4 1A  | ........&.......
  0010  5A 55                                            | ZU

[16:26:45.484] COM6 -> COM7 34 bytes
  0000  AA A5 1A 08 00 00 01 01 26 00 02 83 00 00 00 00  | ........&.......
  0010  00 00 20 00 10 00 02 00 00 00 00 00 00 00 2B 6F  | .. ...........+o
  0020  5A 55                                            | ZU

[16:26:45.577] COM7 -> COM6 20 bytes
  0000  AA A5 0C 08 FF FF 00 00 27 00 0E 03 01 00 03 00  | ........'.......
  0010  BA 3F 5A 55                                      | .?ZU

[16:26:45.873] COM6 -> COM7 57 bytes
  0000  AA A5 31 08 00 00 01 01 27 00 0E 83 00 00 00 00  | ..1.....'.......
  0010  01 00 02 00 00 00 1D 00 02 00 00 00 02 00 01 00  | ................
  0020  64 00 00 00 01 00 C8 00 00 00 01 00 FF FF 05 00  | d...............
  0030  C4 E3 BA C3 51 58 22 5A 55                       | ....QX"ZU

[16:31:19.967] COM7 -> COM6 17 bytes
  0000  AA A5 09 08 FF FF 00 00 28 00 7A 00 00 CD 08 5A  | ........(.z....Z
  0010  55                                               | U

[16:31:20.183] COM6 -> COM7 18 bytes
  0000  AA A5 0A 08 00 00 01 01 28 00 7A 80 00 00 76 E4  | ........(.z...v.
  0010  5A 55                                            | ZU

[16:31:33.267] COM7 -> COM6 17 bytes
  0000  AA A5 09 08 FF FF 00 00 29 00 7A 00 01 00 12 5A  | ........).z....Z
  0010  55                                               | U

[16:31:33.376] COM6 -> COM7 18 bytes
  0000  AA A5 0A 08 00 00 01 01 29 00 7A 80 00 00 5D E0  | ........).z...].
  0010  5A 55                                            | ZU

[16:31:34.620] COM6 -> COM7 286 bytes
  0000  20 3D 3D 3D 3D 3D 3D 3D 3D 3D 3D 3D 3D 20 4A 48  |  ============ JH
  0010  20 4C 45 44 20 3D 3D 3D 3D 3D 3D 3D 3D 3D 3D 3D  |  LED ===========
  0020  3D 20 0D 0A 20 50 72 6F 64 75 63 74 20 49 44 20  | = .. Product ID 
  0030  20 20 3D 20 34 61 35 34 35 65 31 39 66 38 37 37  |   = 4a545e19f877
  0040  33 30 39 63 0D 0A 20 48 61 72 64 77 61 72 65 20  | 309c.. Hardware 
  0050  76 65 72 20 3D 20 37 38 2E 38 34 2E 31 32 39 2E  | ver = 78.84.129.
  0060  30 0D 0A 20 53 6F 66 74 77 61 72 65 20 76 65 72  | 0.. Software ver
  0070  20 3D 20 33 2E 32 2E 30 2E 34 0D 0A 20 46 6C 61  |  = 3.2.0.4.. Fla
  0080  73 68 20 20 20 20 20 20 20 20 3D 20 38 20 4D 42  | sh        = 8 MB
  0090  0D 0A 20 49 44 5B 47 72 6F 75 70 5D 20 20 20 20  | .. ID[Group]    
  00A0  3D 20 31 5B 31 5D 0D 0A 20 53 63 61 6E 20 20 20  | = 1[1].. Scan   
  00B0  20 20 20 20 20 20 3D 20 31 2F 34 0D 0A 20 57 69  |       = 1/4.. Wi
  00C0  64 74 68 20 20 20 20 20 20 20 20 3D 20 33 32 0D  | dth        = 32.
  00D0  0A 20 48 65 69 67 68 74 20 20 20 20 20 20 20 3D  | . Height       =
  00E0  20 31 36 0D 0A 20 3D 3D 3D 3D 3D 3D 3D 3D 3D 3D  |  16.. ==========
  00F0  3D 3D 3D 3D 3D 3D 3D 3D 3D 3D 3D 3D 3D 3D 3D 3D  | ================
  0100  3D 3D 3D 3D 3D 3D 0D 0A 20 53 74 61 72 74 20 74  | ======.. Start t
  0110  68 65 20 73 79 73 74 65 6D 2E 2E 2E 0D 0A        | he system.....

